manifest should match snapshot with TLS:
  1: |
    apiVersion: v1
    kind: Service
    metadata:
      annotations:
        steadybit.com/extension-auto-discovery: |
          {"extensions":[{"port":8092,"protocol":"https","types":["ACTION","DISCOVERY","EVENT"]}]}
      labels: null
      name: RELEASE-NAME-steadybit-extension-azure
      namespace: NAMESPACE
    spec:
      ports:
        - port: 8092
          protocol: TCP
          targetPort: 8092
      selector:
        app.kubernetes.io/name: steadybit-extension-azure
manifest should match snapshot with mutual TLS:
  1: |
    apiVersion: v1
    kind: Service
    metadata:
      annotations:
        steadybit.com/extension-auto-discovery: |
          {"extensions":[{"port":8092,"protocol":"https","types":["ACTION","DISCOVERY","EVENT"]}]}
      labels: null
      name: RELEASE-NAME-steadybit-extension-azure
      namespace: NAMESPACE
    spec:
      ports:
        - port: 8092
          protocol: TCP
          targetPort: 8092
      selector:
        app.kubernetes.io/name: steadybit-extension-azure
manifest should match snapshot with mutual TLS using containerPaths:
  1: |
    apiVersion: v1
    kind: Service
    metadata:
      annotations:
        steadybit.com/extension-auto-discovery: |
          {"extensions":[{"port":8092,"protocol":"https","types":["ACTION","DISCOVERY","EVENT"]}]}
      labels: null
      name: RELEASE-NAME-steadybit-extension-azure
      namespace: NAMESPACE
    spec:
      ports:
        - port: 8092
          protocol: TCP
          targetPort: 8092
      selector:
        app.kubernetes.io/name: steadybit-extension-azure
manifest should match snapshot without TLS:
  1: |
    apiVersion: v1
    kind: Service
    metadata:
      annotations:
        steadybit.com/extension-auto-discovery: |
          {"extensions":[{"port":8092,"protocol":"http","types":["ACTION","DISCOVERY","EVENT"]}]}
      labels: null
      name: RELEASE-NAME-steadybit-extension-azure
      namespace: NAMESPACE
    spec:
      ports:
        - port: 8092
          protocol: TCP
          targetPort: 8092
      selector:
        app.kubernetes.io/name: steadybit-extension-azure
